// Jest Snapshot v1, https://goo.gl/fbAQLP

exports[`OrderModal Tests renders the OrderModal UI component 1`] = `
Object {
  "0": <div
    className="sc-jIRcFI hPpEmG"
    onClick={[Function]}
  />,
  "1": <article
    className="sc-jcMfQk frmClB"
  >
    <h3
      className="sc-cabOPr eupMCO"
    >
      Order
    </h3>
    <h4
      className="sc-iTFTee eJiZyM"
    >
      Please provide your information, and our operator will get in touch with you as soon as possible to finish your order
    </h4>
    <svg
      className="sc-iAEawV bNMlER"
      data-testid="modalCross"
      fill="currentColor"
      height="1em"
      onClick={[Function]}
      onKeyDown={[Function]}
      stroke="currentColor"
      strokeWidth="0"
      style={
        Object {
          "color": undefined,
        }
      }
      tabIndex={0}
      viewBox="0 0 16 16"
      width="1em"
      xmlns="http://www.w3.org/2000/svg"
    >
      <path
        d="M1.293 1.293a1 1 0 0 1 1.414 0L8 6.586l5.293-5.293a1 1 0 1 1 1.414 1.414L9.414 8l5.293 5.293a1 1 0 0 1-1.414 1.414L8 9.414l-5.293 5.293a1 1 0 0 1-1.414-1.414L6.586 8 1.293 2.707a1 1 0 0 1 0-1.414z"
      />
    </svg>
    <form
      className="sc-eeMvmM ivTcGb"
      onSubmit={[Function]}
    >
      <div
        className="sc-cUEOzv fXJToQ"
      >
        <label
          className="sc-jOiSOi csFEgC"
          htmlFor="inputName"
        >
          Name
        </label>
        <input
          className="sc-dPWrhe liyTmK"
          id="inputName"
          name="name"
          onBlur={[Function]}
          onChange={[Function]}
        />
      </div>
      <div
        className="sc-cUEOzv fXJToQ"
      >
        <label
          className="sc-jOiSOi csFEgC"
          htmlFor="inputPhone"
        >
          Phone Number
        </label>
        <input
          className="sc-dPWrhe liyTmK"
          id="inputPhone"
          name="phone"
          onBlur={[Function]}
          onChange={[Function]}
          onKeyPress={[Function]}
          type="number"
        />
      </div>
      <div
        className="sc-cUEOzv fXJToQ"
      >
        <label
          className="sc-jOiSOi csFEgC"
          htmlFor="inputCity"
        >
          City
        </label>
        <input
          className="sc-dPWrhe liyTmK"
          id="inputCity"
          name="city"
          onBlur={[Function]}
          onChange={[Function]}
        />
      </div>
      <div
        className="sc-cUEOzv fXJToQ"
      >
        <label
          className="sc-jOiSOi csFEgC"
          htmlFor="inputAdddress"
        >
          Adddress (optional)
        </label>
        <input
          className="sc-dPWrhe liyTmK"
          id="inputAdddress"
          name="address"
          onBlur={[Function]}
          onChange={[Function]}
        />
      </div>
      <button
        className="sc-bcXHqe sc-hLBbgP sc-bCfvAP glVyWT iWJkHc cJpVTy"
        type="submit"
      >
        <span>
          Send
        </span>
      </button>
    </form>
  </article>,
}
`;
