// Jest Snapshot v1, https://goo.gl/fbAQLP

exports[`CartEmpty Tests renders the CartEmpty component 1`] = `
Object {
  "children": Array [
    <h2>
      Your cart is empty 
      <span>
        ðŸ˜•
      </span>
    </h2>,
    <p>
      You haven't ordered food yet.
      <br />
      If you want to make an order, go back to the main page.
    </p>,
    <img
      alt="empty cart"
      height="255"
      src="empty-cart.png"
      width="300"
    />,
    <a
      className="sc-bcXHqe sc-gswNZR glVyWT bMYeao"
      href="/"
      onClick={[Function]}
    >
      Go Back
    </a>,
  ],
  "props": Object {
    "className": "sc-lbVpMG enMBOd",
  },
  "type": "article",
}
`;
