// Jest Snapshot v1, https://goo.gl/fbAQLP

exports[`FullItemBlock Tests renders the FullItemBlock component 1`] = `
Object {
  "children": Array [
    <img
      alt="pizza"
      className="sc-dkrFOg fXUcwl"
      height="450"
      src="../assets/img/pizza9.png"
      width="450"
    />,
    <h2
      className="sc-hLBbgP fiXyOf"
    >
      Chicken Curry
    </h2>,
    <p
      className="sc-eDvSVe jzLwQf"
    >
      Lorem, ipsum dolor sit amet consectetur adipisicing elit. Aliquid nisi aspernatur debitis quod suscipit, vitae placeat natus ipsum inventore esse rerum animi facere numquam saepe vero mollitia quibusdam at voluptates est commodi laudantium? Iste inventore quibusdam cupiditate nemo sint iusto minus nihil culpa! Sequi architecto nesciunt explicabo mollitia. Laboriosam, odio.
    </p>,
    <section
      className="sc-eDWCr hJjroC"
    >
      <ul>
        <li
          className="sc-bqWxrE bUZLVc"
          onClick={[Function]}
        >
          traditional
        </li>
        <li
          className="sc-bqWxrE dvnTkm"
          onClick={[Function]}
        >
          thin
        </li>
      </ul>
      <ul>
        <li
          className="sc-bqWxrE dvnTkm"
          onClick={[Function]}
        >
          12
           inch
        </li>
        <li
          className="sc-bqWxrE dvnTkm"
          onClick={[Function]}
        >
          14
           inch
        </li>
        <li
          className="sc-bqWxrE dvnTkm"
          onClick={[Function]}
        >
          16
           inch
        </li>
      </ul>
    </section>,
    <h4
      className="sc-jSUZER glJRmG"
    >
      14
      $
    </h4>,
    <button
      className="sc-gKPRtg sc-jrcTuL sc-ipEyDJ iLACsd kKLFCc heSXxL"
      onClick={[Function]}
    >
      <svg
        className="sc-bjfHbI lhpcBk"
        fill="currentColor"
        height="1em"
        stroke="currentColor"
        strokeWidth="0"
        style={
          Object {
            "color": undefined,
          }
        }
        viewBox="0 0 16 16"
        width="1em"
        xmlns="http://www.w3.org/2000/svg"
      >
        <path
          d="M8 0a1 1 0 0 1 1 1v6h6a1 1 0 1 1 0 2H9v6a1 1 0 1 1-2 0V9H1a1 1 0 0 1 0-2h6V1a1 1 0 0 1 1-1z"
        />
      </svg>
      <span>
        Add
      </span>
    </button>,
    <a
      className="sc-gKPRtg sc-iBYQkv iLACsd gcostn"
      href="/"
      onClick={[Function]}
    >
      <span>
        Go Back
      </span>
    </a>,
  ],
  "props": Object {
    "className": "sc-bcXHqe sc-gswNZR bZXhLi edAeMk",
  },
  "type": "div",
}
`;
