// Jest Snapshot v1, https://goo.gl/fbAQLP

exports[`Categories Tests should render the Categories component 1`] = `
Object {
  "children": Array [
    <ul
      className="sc-dwnOUR jaihlu"
    >
      <li
        aria-current={true}
        className="sc-UpCWa kdRFSi"
        onClick={[Function]}
        onKeyDown={[Function]}
        tabIndex={-1}
      >
        All
      </li>
      <li
        aria-current={false}
        className="sc-UpCWa gmKmvG"
        onClick={[Function]}
        onKeyDown={[Function]}
        tabIndex={0}
      >
        Meat
      </li>
      <li
        aria-current={false}
        className="sc-UpCWa gmKmvG"
        onClick={[Function]}
        onKeyDown={[Function]}
        tabIndex={0}
      >
        Vegetarian
      </li>
      <li
        aria-current={false}
        className="sc-UpCWa gmKmvG"
        onClick={[Function]}
        onKeyDown={[Function]}
        tabIndex={0}
      >
        Grill
      </li>
      <li
        aria-current={false}
        className="sc-UpCWa gmKmvG"
        onClick={[Function]}
        onKeyDown={[Function]}
        tabIndex={0}
      >
        Spicy
      </li>
    </ul>,
  ],
  "props": Object {},
  "type": "section",
}
`;
