// Jest Snapshot v1, https://goo.gl/fbAQLP

exports[`SuccessModal Tests renders the SuccessModal UI component 1`] = `
Object {
  "0": <div
    className="sc-dkrFOg ewVMXk"
    onClick={[Function]}
  />,
  "1": <article
    className="sc-kDvujY cnQXHJ"
  >
    <h3
      className="sc-ipEyDJ gtVqqb"
    >
      Thank you for your order!
    </h3>
    <h4
      className="sc-csuSiG kPjyyr"
    >
      Our operator will give you a call in a few minutes
    </h4>
    <button
      className="sc-hLBbgP sc-eDvSVe sc-eDWCr hEWbyi eUGSku tncLY"
      onClick={[Function]}
    >
      <span>
        Close
      </span>
    </button>
  </article>,
}
`;
