// Jest Snapshot v1, https://goo.gl/fbAQLP

exports[`Pizza Page Tests renders the Pizza page 1`] = `
<article
  class="sc-bcXHqe sc-fbYMXx bZXhLi hZSvIl"
  data-testid="itemPage"
>
  <picture>
    <source
      srcset="../assets/img/pizza9.webp"
      type="image/webp"
    />
    <source
      srcset="../assets/img/pizza9.png"
      type="image/png"
    />
    <img
      alt="Chicken Curry pizza"
      class="sc-GhhNo dzmXqM"
      height="450"
      src="../assets/img/pizza9.png"
      width="450"
    />
  </picture>
  <h2
    class="sc-fXqpFg bMoOTe"
  >
    Chicken Curry
  </h2>
  <p
    class="sc-dwnOUR gYzojb"
  >
    Lorem, ipsum dolor sit amet consectetur adipisicing elit. Aliquid nisi aspernatur debitis quod suscipit, vitae placeat natus ipsum inventore esse rerum animi facere numquam saepe vero mollitia quibusdam at voluptates est commodi laudantium? Iste inventore quibusdam cupiditate nemo sint iusto minus nihil culpa! Sequi architecto nesciunt explicabo mollitia. Laboriosam, odio.
  </p>
  <section
    class="sc-gGvHcT DWbJE"
  >
    <ul>
      <li
        aria-current="true"
        class="sc-ckEbSK hSXaaR"
        tabindex="0"
      >
        traditional
      </li>
      <li
        aria-current="false"
        class="sc-ckEbSK fbgxe"
        tabindex="0"
      >
        thin
      </li>
    </ul>
    <ul>
      <li
        aria-current="true"
        class="sc-ckEbSK hSXaaR"
        tabindex="0"
      >
        12
         inch
      </li>
      <li
        aria-current="false"
        class="sc-ckEbSK fbgxe"
        tabindex="0"
      >
        14
         inch
      </li>
      <li
        aria-current="false"
        class="sc-ckEbSK fbgxe"
        tabindex="0"
      >
        16
         inch
      </li>
    </ul>
  </section>
  <h3
    class="sc-UpCWa dLNuKH"
  >
    14
    $
  </h3>
  <button
    class="sc-hLBbgP sc-iBYQkv sc-pyfCe fGqcTx iDltE eflScM"
  >
    <svg
      class="sc-laZRCg ekmfhU"
      fill="currentColor"
      height="1em"
      stroke="currentColor"
      stroke-width="0"
      viewBox="0 0 16 16"
      width="1em"
      xmlns="http://www.w3.org/2000/svg"
    >
      <path
        d="M8 0a1 1 0 0 1 1 1v6h6a1 1 0 1 1 0 2H9v6a1 1 0 1 1-2 0V9H1a1 1 0 0 1 0-2h6V1a1 1 0 0 1 1-1z"
      />
    </svg>
    <span>
      Add
    </span>
  </button>
  <a
    class="sc-hLBbgP sc-eDvSVe fGqcTx lhIsum"
    href="/"
  >
    Go Back
  </a>
</article>
`;
