// Jest Snapshot v1, https://goo.gl/fbAQLP

exports[`Pizza Page Tests renders the Pizza page 1`] = `
<article
  class="sc-bjfHbI sc-hOzowv cXrwfW gZWWhu"
  data-testid="itemPage"
>
  <picture>
    <source
      srcset="../assets/img/pizzas/pizza9.webp"
      type="image/webp"
    />
    <source
      srcset="../assets/img/pizzas/pizza9.png"
      type="image/png"
    />
    <img
      alt="Chicken Curry pizza"
      class="sc-dsHJmm fYybnX"
      height="450"
      src="../assets/img/pizzas/pizza9.png"
      width="450"
    />
  </picture>
  <h2
    class="sc-cZFQFd iZjtAc"
  >
    Chicken Curry
  </h2>
  <p
    class="sc-jTjUTQ ACWRi"
  >
    Lorem, ipsum dolor sit amet consectetur adipisicing elit. Aliquid nisi aspernatur debitis quod suscipit, vitae placeat natus ipsum inventore esse rerum animi facere numquam saepe vero mollitia quibusdam at voluptates est commodi laudantium? Iste inventore quibusdam cupiditate nemo sint iusto minus nihil culpa! Sequi architecto nesciunt explicabo mollitia. Laboriosam, odio.
  </p>
  <div
    class="sc-bTTELM fSlmTH"
  >
    <ul>
      <li
        aria-current="true"
        class="sc-kImNAt kkDrHe"
        tabindex="0"
      >
        traditional
      </li>
      <li
        aria-current="false"
        class="sc-kImNAt eumjuZ"
        tabindex="0"
      >
        thin
      </li>
    </ul>
    <ul>
      <li
        aria-current="true"
        class="sc-kImNAt kkDrHe"
        tabindex="0"
      >
        12
         inch
      </li>
      <li
        aria-current="false"
        class="sc-kImNAt eumjuZ"
        tabindex="0"
      >
        14
         inch
      </li>
      <li
        aria-current="false"
        class="sc-kImNAt eumjuZ"
        tabindex="0"
      >
        16
         inch
      </li>
    </ul>
  </div>
  <h3
    class="sc-jRwbcX kmSjEp"
  >
    14
    $
  </h3>
  <button
    class="sc-bcXHqe sc-eDvSVe sc-gKPRtg glVyWT fwWQTF dBjrMs"
  >
    <svg
      class="sc-eKJbhj heVTGF"
      fill="currentColor"
      height="1em"
      stroke="currentColor"
      stroke-width="0"
      viewBox="0 0 16 16"
      width="1em"
      xmlns="http://www.w3.org/2000/svg"
    >
      <path
        d="M8 0a1 1 0 0 1 1 1v6h6a1 1 0 1 1 0 2H9v6a1 1 0 1 1-2 0V9H1a1 1 0 0 1 0-2h6V1a1 1 0 0 1 1-1z"
      />
    </svg>
    <span>
      Add
    </span>
  </button>
  <a
    class="sc-bcXHqe sc-gswNZR glVyWT bMYeao"
    href="/"
  >
    Go Back
  </a>
</article>
`;
