// Jest Snapshot v1, https://goo.gl/fbAQLP

exports[`Footer Tests renders the Footer component 1`] = `
Object {
  "children": Array [
    <section
      className="sc-iveFHk fIJvNI"
    >
      <p>
        Â© 2024 Crust & Co.
      </p>
      <p>
        All rights reserved.
      </p>
      <p>
        Developer - Sasha Spievakov.
      </p>
    </section>,
    <section
      className="sc-fLcnxK kJHJPr"
    >
      <a
        className="sc-bBABsx etLTzn"
        href="https://github.com/SashaSpievakov"
      >
        GitHub
      </a>
      <a
        className="sc-bBABsx etLTzn"
        href="https://www.google.com/maps/place/687+Yonge+St,+Toronto,+ON+M4Y+2B2/@43.6689719,-79.3870519,18z/data=!3m1!4b1!4m6!3m5!1s0x882b34ae07a20ea5:0xcb9f91518efcc2c1!8m2!3d43.6689704!4d-79.3860646!16s%2Fg%2F11nnkxs6c3"
        target="_blank"
      >
        687 Yonge St
      </a>
      <a
        className="sc-bBABsx etLTzn"
        href="mailto:spievakov@gamil.com"
      >
        spievakov@gmail.com
      </a>
    </section>,
  ],
  "props": Object {
    "className": "sc-kgTSHT dKIaRo",
  },
  "type": "footer",
}
`;
