// Jest Snapshot v1, https://goo.gl/fbAQLP

exports[`SuccessModal Tests renders the SuccessModal UI component 1`] = `
Object {
  "0": <div
    className="sc-jIRcFI hPpEmG"
    onClick={[Function]}
  />,
  "1": <article
    className="sc-gGvHcT kkhzRw"
  >
    <h3
      className="sc-ckEbSK fdhxkp"
    >
      Thank you for your order!
    </h3>
    <h4
      className="sc-fbYMXx kftJod"
    >
      Our operator will give you a call in a few minutes
    </h4>
    <button
      className="sc-bcXHqe sc-gswNZR sc-GhhNo glVyWT bMYeao bQFYhf"
      onClick={[Function]}
    >
      Close
    </button>
  </article>,
}
`;
