// Jest Snapshot v1, https://goo.gl/fbAQLP

exports[`NotFound Tests renders the NotFound page 1`] = `
Object {
  "children": Array [
    <h2
      className="sc-fHSyak ehgagf"
    >
      The page wasn't found
    </h2>,
    <p
      className="sc-idXgbr daODfB"
    >
      Make sure you wrote the correct URL
    </p>,
    <a
      className="sc-bcXHqe sc-gswNZR glVyWT bMYeao"
      href="/"
      onClick={[Function]}
    >
      Go Back
    </a>,
  ],
  "props": Object {
    "className": "sc-evzXkX gjeAtR",
  },
  "type": "article",
}
`;
