// Jest Snapshot v1, https://goo.gl/fbAQLP

exports[`LogoSection Tests renders the LogoSection UI component 1`] = `
Object {
  "children": Array [
    <section
      className="sc-bYMpWt dYFpxb"
    >
      <img
        alt="Pizza logo"
        height="54.5"
        src="main-logo.svg"
        width="38"
      />
      <div>
        <h1
          className="sc-kMjNwy foMAfI"
        >
          Crust & Co.
        </h1>
        <p
          className="sc-ilhmMj ibzVjH"
        >
          the most delicious pizzas in town
        </p>
      </div>
    </section>,
  ],
  "props": Object {
    "className": "sc-ezOQGI kMCpyG",
    "href": "/",
    "ishome": "home",
    "onClick": [Function],
    "tabIndex": -1,
    "target": undefined,
  },
  "type": "a",
}
`;
